// Jest Snapshot v1, https://goo.gl/fbAQLP

exports[`<CopyIcon /> renders as expected 1`] = `
<UITooltip
  arrowPointAtCenter={true}
  mouseLeaveDelay={0.5}
  onVisibleChange={[Function]}
  placement="left"
  title="tooltipTitleValue"
>
  <UIButton
    className="classNameValue CopyIcon"
    htmlType="button"
    icon="copy"
    onClick={[Function]}
  />
</UITooltip>
`;
